Vivado Simulator v2023.2
Copyright 1986-2022 Xilinx, Inc. All Rights Reserved.
Copyright 2022-2023 Advanced Micro Devices, Inc. All Rights Reserved.
Running: /tools/Xilinx/Vivado/2023.2/bin/unwrapped/lnx64.o/xelab -debug typical -L xil_defaultlib xil_defaultlib.tb_thermal --snapshot tb_thermal_snapshot -generic_top P_THRESH=195 --log /home/work1/Works/HiLoGatedCNNTrigger/logs/sim/xelab_thermal.log 
Multi-threading is on. Using 30 slave threads.
Starting static elaboration
Pass Through NonSizing Optimizer
WARNING: [VRFC 10-9180] module 'cnn_core_sparsemux_9_2_12_1_1' is instantiated multiple times from VHDL or from both Verilog and VHDL; elaboration result may be incorrect [/home/work1/Works/HiLoGatedCNNTrigger/.bender/git/checkouts/cnn-core-e877e60e6252d66e/cnn_core_project/cnn_core_prj/solution1/impl/verilog/cnn_core_sparsemux_9_2_12_1_1.v:9]
WARNING: [VRFC 10-5021] port 'reset' is not connected on this instance [/home/work1/Works/HiLoGatedCNNTrigger/.bender/git/checkouts/cnn-core-e877e60e6252d66e/cnn_core_project/cnn_core_prj/solution1/impl/verilog/cnn_core_start_for_repack_stream_array_ap_fixed_256u_array_ap_fixed_12_6_5_3_0_1u_1024cud.v:46]
WARNING: [VRFC 10-5021] port 'reset' is not connected on this instance [/home/work1/Works/HiLoGatedCNNTrigger/.bender/git/checkouts/cnn-core-e877e60e6252d66e/cnn_core_project/cnn_core_prj/solution1/impl/verilog/cnn_core_start_for_conv_2d_cl_array_ap_fixed_1u_array_ap_fixed_17_9_5_3_0_7u_config4_U0.v:46]
WARNING: [VRFC 10-5021] port 'reset' is not connected on this instance [/home/work1/Works/HiLoGatedCNNTrigger/.bender/git/checkouts/cnn-core-e877e60e6252d66e/cnn_core_project/cnn_core_prj/solution1/impl/verilog/cnn_core_start_for_relu_array_ap_fixed_7u_array_ap_fixed_16_6_5_3_0_7u_relu_config5_U0.v:46]
WARNING: [VRFC 10-5021] port 'reset' is not connected on this instance [/home/work1/Works/HiLoGatedCNNTrigger/.bender/git/checkouts/cnn-core-e877e60e6252d66e/cnn_core_project/cnn_core_prj/solution1/impl/verilog/cnn_core_start_for_pooling2d_cl_array_ap_fixed_7u_array_ap_fixed_16_6_5_3_0_7u_config6dEe.v:46]
WARNING: [VRFC 10-5021] port 'reset' is not connected on this instance [/home/work1/Works/HiLoGatedCNNTrigger/.bender/git/checkouts/cnn-core-e877e60e6252d66e/cnn_core_project/cnn_core_prj/solution1/impl/verilog/cnn_core_start_for_repack_stream_array_ap_fixed_7u_array_ap_fixed_16_6_5_3_0_42u_1176_U0.v:46]
WARNING: [VRFC 10-5021] port 'reset' is not connected on this instance [/home/work1/Works/HiLoGatedCNNTrigger/.bender/git/checkouts/cnn-core-e877e60e6252d66e/cnn_core_project/cnn_core_prj/solution1/impl/verilog/cnn_core_start_for_repack_stream_array_ap_fixed_42u_array_ap_fixed_16_6_5_3_0_42u_1176eOg.v:46]
WARNING: [VRFC 10-5021] port 'reset' is not connected on this instance [/home/work1/Works/HiLoGatedCNNTrigger/.bender/git/checkouts/cnn-core-e877e60e6252d66e/cnn_core_project/cnn_core_prj/solution1/impl/verilog/cnn_core_start_for_dense_array_ap_fixed_42u_array_ap_fixed_17_9_5_3_0_1u_config10_U0.v:46]
Completed static elaboration
Starting simulation data flow analysis
Completed simulation data flow analysis
Time Resolution for simulation is 1ps
Compiling package std.standard
Compiling package std.textio
Compiling package ieee.std_logic_1164
Compiling package ieee.numeric_std
Compiling package xil_defaultlib.pre_trigger_pkg
Compiling architecture rtl of entity xil_defaultlib.ADC_STREAM_FIFO [adc_stream_fifo_default]
Compiling architecture behav of entity xil_defaultlib.PRE_TRIGGER_1CH [pre_trigger_1ch_default]
Compiling architecture behav of entity xil_defaultlib.PRE_TRIGGER_1CH [\PRE_TRIGGER_1CH(ch=1)\]
Compiling architecture behav of entity xil_defaultlib.PRE_TRIGGER_1CH [\PRE_TRIGGER_1CH(ch=2)\]
Compiling architecture behav of entity xil_defaultlib.PRE_TRIGGER_1CH [\PRE_TRIGGER_1CH(ch=3)\]
Compiling architecture behavioral of entity xil_defaultlib.MULT2BIN [mult2bin_default]
Compiling architecture behav of entity xil_defaultlib.PRE_TRIGGER [pre_trigger_default]
Compiling architecture rtl of entity xil_defaultlib.CNN_CHUNK_CAPTURE [cnn_chunk_capture_default]
Compiling module xil_defaultlib.cnn_core_flow_control_loop_pipe_...
Compiling module xil_defaultlib.cnn_core_transpose_array_array_a...
Compiling module xil_defaultlib.cnn_core_sparsemux_9_2_12_1_1(di...
Compiling module xil_defaultlib.cnn_core_transpose_array_array_a...
Compiling module xil_defaultlib.cnn_core_regslice_both(DataWidth...
Compiling module xil_defaultlib.cnn_core_transpose_array_ap_fixe...
Compiling module xil_defaultlib.cnn_core_repack_stream_array_ap_...
Compiling module xil_defaultlib.cnn_core_repack_stream_array_arr...
Compiling module xil_defaultlib.cnn_core_repack_stream_array_ap_...
Compiling module xil_defaultlib.cnn_core_mul_12s_8ns_20_1_0(NUM_...
Compiling module xil_defaultlib.cnn_core_mul_12s_7ns_19_1_0(NUM_...
Compiling module xil_defaultlib.cnn_core_mul_12s_7s_19_1_0(NUM_S...
Compiling module xil_defaultlib.cnn_core_mul_12s_9ns_20_1_0(NUM_...
Compiling module xil_defaultlib.cnn_core_mul_12s_8s_20_1_0(NUM_S...
Compiling module xil_defaultlib.cnn_core_mul_12s_9s_20_1_0(NUM_S...
Compiling module xil_defaultlib.cnn_core_mul_12s_6s_18_1_0(NUM_S...
Compiling module xil_defaultlib.cnn_core_dense_latency_ap_fixed_...
Compiling module xil_defaultlib.cnn_core_compute_output_buffer_1...
Compiling module xil_defaultlib.cnn_core_flow_control_loop_pipe
Compiling module xil_defaultlib.cnn_core_conv_2d_cl_array_ap_fix...
Compiling module xil_defaultlib.cnn_core_relu_array_ap_fixed_7u_...
Compiling module xil_defaultlib.cnn_core_shift_line_buffer_array...
Compiling module xil_defaultlib.cnn_core_pooling2d_cl_array_ap_f...
Compiling module xil_defaultlib.cnn_core_repack_stream_array_ap_...
Compiling module xil_defaultlib.cnn_core_repack_stream_array_ap_...
Compiling module xil_defaultlib.cnn_core_dense_array_array_ap_fi...
Compiling module xil_defaultlib.cnn_core_mul_16s_7ns_23_1_1(NUM_...
Compiling module xil_defaultlib.cnn_core_mul_16s_6ns_22_1_1(NUM_...
Compiling module xil_defaultlib.cnn_core_mul_16s_9ns_24_1_1(NUM_...
Compiling module xil_defaultlib.cnn_core_mul_16s_8ns_24_1_1(NUM_...
Compiling module xil_defaultlib.cnn_core_mul_16s_8s_24_1_1(NUM_S...
Compiling module xil_defaultlib.cnn_core_mul_16s_5s_21_1_1(NUM_S...
Compiling module xil_defaultlib.cnn_core_mul_16s_7s_23_1_1(NUM_S...
Compiling module xil_defaultlib.cnn_core_mul_16s_6s_22_1_1(NUM_S...
Compiling module xil_defaultlib.cnn_core_mul_16s_10ns_24_1_1(NUM...
Compiling module xil_defaultlib.cnn_core_mul_16s_5ns_21_1_1(NUM_...
Compiling module xil_defaultlib.cnn_core_dense_latency_wrapper_a...
Compiling module xil_defaultlib.cnn_core_regslice_both
Compiling module xil_defaultlib.cnn_core_dense_array_ap_fixed_42...
Compiling module xil_defaultlib.cnn_core_fifo_w3072_d4_A_ram
Compiling module xil_defaultlib.cnn_core_fifo_w3072_d4_A
Compiling module xil_defaultlib.cnn_core_fifo_w12_d1024_A_ram
Compiling module xil_defaultlib.cnn_core_fifo_w12_d1024_A
Compiling module xil_defaultlib.cnn_core_fifo_w119_d336_A_ram
Compiling module xil_defaultlib.cnn_core_fifo_w119_d336_A
Compiling module xil_defaultlib.cnn_core_fifo_w112_d336_A_ram
Compiling module xil_defaultlib.cnn_core_fifo_w112_d336_A
Compiling module xil_defaultlib.cnn_core_fifo_w112_d168_A_ram
Compiling module xil_defaultlib.cnn_core_fifo_w112_d168_A
Compiling module xil_defaultlib.cnn_core_fifo_w672_d28_A_ram
Compiling module xil_defaultlib.cnn_core_fifo_w672_d28_A
Compiling module xil_defaultlib.cnn_core_start_for_repack_stream...
Compiling module xil_defaultlib.cnn_core_start_for_repack_stream...
Compiling module xil_defaultlib.cnn_core_start_for_conv_2d_cl_ar...
Compiling module xil_defaultlib.cnn_core_start_for_conv_2d_cl_ar...
Compiling module xil_defaultlib.cnn_core_start_for_relu_array_ap...
Compiling module xil_defaultlib.cnn_core_start_for_relu_array_ap...
Compiling module xil_defaultlib.cnn_core_start_for_pooling2d_cl_...
Compiling module xil_defaultlib.cnn_core_start_for_pooling2d_cl_...
Compiling module xil_defaultlib.cnn_core_start_for_repack_stream...
Compiling module xil_defaultlib.cnn_core_start_for_repack_stream...
Compiling module xil_defaultlib.cnn_core_start_for_repack_stream...
Compiling module xil_defaultlib.cnn_core_start_for_repack_stream...
Compiling module xil_defaultlib.cnn_core_start_for_dense_array_a...
Compiling module xil_defaultlib.cnn_core_start_for_dense_array_a...
Compiling module xil_defaultlib.cnn_core_hls_deadlock_detect_uni...
Compiling module xil_defaultlib.cnn_core_hls_deadlock_detect_uni...
Compiling module xil_defaultlib.cnn_core_hls_deadlock_detect_uni...
Compiling module xil_defaultlib.cnn_core_hls_deadlock_detect_uni...
Compiling module xil_defaultlib.cnn_core_hls_deadlock_detect_uni...
Compiling module xil_defaultlib.cnn_core_hls_deadlock_detect_uni...
Compiling module xil_defaultlib.cnn_core_hls_deadlock_detect_uni...
Compiling module xil_defaultlib.cnn_core_hls_deadlock_detect_uni...
Compiling module xil_defaultlib.cnn_core_hls_deadlock_idx0_monit...
Compiling module xil_defaultlib.cnn_core_default
Compiling module xil_defaultlib.WRAPPER_TOP(INPUT_WIDTH=64,OUTPU...
Compiling architecture structural of entity xil_defaultlib.HILO_CNN_TRIGGER [hilo_cnn_trigger_default]
Compiling architecture rtl of entity xil_defaultlib.HILO_CNN_TRIGGER_TB_WRAP [hilo_cnn_trigger_tb_wrap_default]
Compiling module xil_defaultlib.tb_thermal(P_THRESH=12'b01100001...
WARNING: [XSIM 43-3373] "/home/work1/Works/HiLoGatedCNNTrigger/hw/sim/tb_thermal.sv" Line 205. System function $fscanf is used as system task. This system function should have a LHS e.g. x=$fscanf().
WARNING: [XSIM 43-3373] "/home/work1/Works/HiLoGatedCNNTrigger/hw/sim/tb_thermal.sv" Line 244. System function $fscanf is used as system task. This system function should have a LHS e.g. x=$fscanf().
WARNING: [XSIM 43-3373] "/home/work1/Works/HiLoGatedCNNTrigger/hw/sim/tb_thermal.sv" Line 264. System function $fscanf is used as system task. This system function should have a LHS e.g. x=$fscanf().
Built simulation snapshot tb_thermal_snapshot
