#-----------------------------------------------------------
# xsim v2023.2 (64-bit)
# SW Build 4029153 on Fri Oct 13 20:13:54 MDT 2023
# IP Build 4028589 on Sat Oct 14 00:45:43 MDT 2023
# SharedData Build 4025554 on Tue Oct 10 17:18:54 MDT 2023
# Start of session at: Wed May 13 23:11:59 2026
# Process ID: 126105
# Current directory: /home/work1/Works/HiLoGatedCNNTrigger
# Command line: xsim -log /home/work1/Works/HiLoGatedCNNTrigger/logs/sim/xsim_thermal.log -mode tcl -source {xsim.dir/tb_thermal_snapshot/xsim_script.tcl}
# Log file: /home/work1/Works/HiLoGatedCNNTrigger/logs/sim/xsim_thermal.log
# Journal file: /home/work1/Works/HiLoGatedCNNTrigger/xsim.jou
# Running On: AlbertsUbuntu, OS: Linux, CPU Frequency: 800.314 MHz, CPU Physical cores: 24, Host memory: 16441 MB
#-----------------------------------------------------------
source xsim.dir/tb_thermal_snapshot/xsim_script.tcl
# xsim {tb_thermal_snapshot} -autoloadwcfg -runall
Time resolution is 1 ps
run -all
Note: [CNN_CHUNK] buf_written_cnn = '0''0'
Time: 0 ps  Iteration: 0  Process: /tb_thermal(P_THRESH=12'b011000011)/uut/u_dut/u_CNN_CHUNK_CAPTURE/line__457  File: /home/work1/Works/HiLoGatedCNNTrigger/hw/rtl/CNN_CHUNK_CAPTURE.vhd
Note: [CNN_CHUNK] CNN_IDLE = 'U'
Time: 0 ps  Iteration: 0  Process: /tb_thermal(P_THRESH=12'b011000011)/uut/u_dut/u_CNN_CHUNK_CAPTURE/line__452  File: /home/work1/Works/HiLoGatedCNNTrigger/hw/rtl/CNN_CHUNK_CAPTURE.vhd
Note: [CNN_CHUNK] CNN_IDLE = 'X'
Time: 0 ps  Iteration: 1  Process: /tb_thermal(P_THRESH=12'b011000011)/uut/u_dut/u_CNN_CHUNK_CAPTURE/line__452  File: /home/work1/Works/HiLoGatedCNNTrigger/hw/rtl/CNN_CHUNK_CAPTURE.vhd
Note: [CNN_CHUNK] CNN_IDLE = '0'
Time: 0 ps  Iteration: 2  Process: /tb_thermal(P_THRESH=12'b011000011)/uut/u_dut/u_CNN_CHUNK_CAPTURE/line__452  File: /home/work1/Works/HiLoGatedCNNTrigger/hw/rtl/CNN_CHUNK_CAPTURE.vhd
Note: [CNN_CHUNK] CNN_IDLE = '1'
Time: 2500 ps  Iteration: 3  Process: /tb_thermal(P_THRESH=12'b011000011)/uut/u_dut/u_CNN_CHUNK_CAPTURE/line__452  File: /home/work1/Works/HiLoGatedCNNTrigger/hw/rtl/CNN_CHUNK_CAPTURE.vhd
[200000] Reset released. Streaming thermal noise stimulus.
  THRESH=195  HILO_WIN=5  COINC_WIN=30  BIN_THR=2

=== [29016000] L0_PRE_TRIG — chunk 0 / 3 ===
Note: [CNN_CHUNK] buf_written_cnn = '1''0'
Time: 33217500 ps  Iteration: 1  Process: /tb_thermal(P_THRESH=12'b011000011)/uut/u_dut/u_CNN_CHUNK_CAPTURE/line__457  File: /home/work1/Works/HiLoGatedCNNTrigger/hw/rtl/CNN_CHUNK_CAPTURE.vhd
Note: [CNN_CHUNK] CNN_IDLE = '0'
Time: 33222500 ps  Iteration: 3  Process: /tb_thermal(P_THRESH=12'b011000011)/uut/u_dut/u_CNN_CHUNK_CAPTURE/line__452  File: /home/work1/Works/HiLoGatedCNNTrigger/hw/rtl/CNN_CHUNK_CAPTURE.vhd
  [50638000] CNN_OUT captured: 0x0001fb14  score=-4.9219  prob=0.0072
  CNN prob  = 0.0072  (cnn_fired=1)
Note: [CNN_CHUNK] CNN_IDLE = '1'
Time: 50637500 ps  Iteration: 4  Process: /tb_thermal(P_THRESH=12'b011000011)/uut/u_dut/u_CNN_CHUNK_CAPTURE/line__452  File: /home/work1/Works/HiLoGatedCNNTrigger/hw/rtl/CNN_CHUNK_CAPTURE.vhd
Note: [CNN_CHUNK] buf_written_cnn = '0''0'
Time: 50687500 ps  Iteration: 1  Process: /tb_thermal(P_THRESH=12'b011000011)/uut/u_dut/u_CNN_CHUNK_CAPTURE/line__457  File: /home/work1/Works/HiLoGatedCNNTrigger/hw/rtl/CNN_CHUNK_CAPTURE.vhd

=== [65128000] L0_PRE_TRIG — chunk 1 / 3 ===
Note: [CNN_CHUNK] buf_written_cnn = '0''1'
Time: 69327500 ps  Iteration: 1  Process: /tb_thermal(P_THRESH=12'b011000011)/uut/u_dut/u_CNN_CHUNK_CAPTURE/line__457  File: /home/work1/Works/HiLoGatedCNNTrigger/hw/rtl/CNN_CHUNK_CAPTURE.vhd
Note: [CNN_CHUNK] CNN_IDLE = '0'
Time: 69332500 ps  Iteration: 3  Process: /tb_thermal(P_THRESH=12'b011000011)/uut/u_dut/u_CNN_CHUNK_CAPTURE/line__452  File: /home/work1/Works/HiLoGatedCNNTrigger/hw/rtl/CNN_CHUNK_CAPTURE.vhd
  [86748000] CNN_OUT captured: 0x0001fa11  score=-5.9336  prob=0.0026
  CNN prob  = 0.0026  (cnn_fired=1)
Note: [CNN_CHUNK] CNN_IDLE = '1'
Time: 86747500 ps  Iteration: 4  Process: /tb_thermal(P_THRESH=12'b011000011)/uut/u_dut/u_CNN_CHUNK_CAPTURE/line__452  File: /home/work1/Works/HiLoGatedCNNTrigger/hw/rtl/CNN_CHUNK_CAPTURE.vhd
Note: [CNN_CHUNK] buf_written_cnn = '0''0'
Time: 86797500 ps  Iteration: 1  Process: /tb_thermal(P_THRESH=12'b011000011)/uut/u_dut/u_CNN_CHUNK_CAPTURE/line__457  File: /home/work1/Works/HiLoGatedCNNTrigger/hw/rtl/CNN_CHUNK_CAPTURE.vhd

=== [138360000] L0_PRE_TRIG — chunk 2 / 3 ===
Note: [CNN_CHUNK] buf_written_cnn = '0''0'
Time: 142557500 ps  Iteration: 1  Process: /tb_thermal(P_THRESH=12'b011000011)/uut/u_dut/u_CNN_CHUNK_CAPTURE/line__457  File: /home/work1/Works/HiLoGatedCNNTrigger/hw/rtl/CNN_CHUNK_CAPTURE.vhd
Note: [CNN_CHUNK] CNN_IDLE = '0'
Time: 142562500 ps  Iteration: 3  Process: /tb_thermal(P_THRESH=12'b011000011)/uut/u_dut/u_CNN_CHUNK_CAPTURE/line__452  File: /home/work1/Works/HiLoGatedCNNTrigger/hw/rtl/CNN_CHUNK_CAPTURE.vhd
  [159978000] CNN_OUT captured: 0x0001fba2  score=-4.3672  prob=0.0125
  CNN prob  = 0.0125  (cnn_fired=1)
Note: [CNN_CHUNK] CNN_IDLE = '1'
Time: 159977500 ps  Iteration: 4  Process: /tb_thermal(P_THRESH=12'b011000011)/uut/u_dut/u_CNN_CHUNK_CAPTURE/line__452  File: /home/work1/Works/HiLoGatedCNNTrigger/hw/rtl/CNN_CHUNK_CAPTURE.vhd
Note: [CNN_CHUNK] buf_written_cnn = '0''0'
Time: 160032500 ps  Iteration: 1  Process: /tb_thermal(P_THRESH=12'b011000011)/uut/u_dut/u_CNN_CHUNK_CAPTURE/line__457  File: /home/work1/Works/HiLoGatedCNNTrigger/hw/rtl/CNN_CHUNK_CAPTURE.vhd

[162478000] Thermal sim complete.
  Chunks captured : 3 / 3
  CHUNK_OVERFLOW  : 0
$finish called at time : 162477500 ps : File "/home/work1/Works/HiLoGatedCNNTrigger/hw/sim/tb_thermal.sv" Line 389
exit
INFO: [Common 17-206] Exiting xsim at Wed May 13 23:12:03 2026...
