#-----------------------------------------------------------
# xsim v2023.2 (64-bit)
# SW Build 4029153 on Fri Oct 13 20:13:54 MDT 2023
# IP Build 4028589 on Sat Oct 14 00:45:43 MDT 2023
# SharedData Build 4025554 on Tue Oct 10 17:18:54 MDT 2023
# Start of session at: Wed May 13 18:25:21 2026
# Process ID: 83393
# Current directory: /home/work1/Works/HiLoGatedCNNTrigger
# Command line: xsim -log /home/work1/Works/HiLoGatedCNNTrigger/logs/sim/xsim_thermal.log -mode tcl -source {xsim.dir/tb_thermal_snapshot/xsim_script.tcl}
# Log file: /home/work1/Works/HiLoGatedCNNTrigger/logs/sim/xsim_thermal.log
# Journal file: /home/work1/Works/HiLoGatedCNNTrigger/xsim.jou
# Running On: AlbertsUbuntu, OS: Linux, CPU Frequency: 919.079 MHz, CPU Physical cores: 24, Host memory: 16441 MB
#-----------------------------------------------------------
source xsim.dir/tb_thermal_snapshot/xsim_script.tcl
# xsim {tb_thermal_snapshot} -autoloadwcfg -runall
Time resolution is 1 ps
run -all
Note: [CNN_CHUNK] buf_written_cnn = '0''0'
Time: 0 ps  Iteration: 0  Process: /tb_thermal(P_THRESH=12'b011000011)/uut/u_dut/u_CNN_CHUNK_CAPTURE/line__386  File: /home/work1/Works/HiLoGatedCNNTrigger/hw/rtl/CNN_CHUNK_CAPTURE.vhd
Note: [CNN_CHUNK] CNN_IDLE = 'U'
Time: 0 ps  Iteration: 0  Process: /tb_thermal(P_THRESH=12'b011000011)/uut/u_dut/u_CNN_CHUNK_CAPTURE/line__381  File: /home/work1/Works/HiLoGatedCNNTrigger/hw/rtl/CNN_CHUNK_CAPTURE.vhd
Note: [CNN_CHUNK] CNN_IDLE = 'X'
Time: 0 ps  Iteration: 1  Process: /tb_thermal(P_THRESH=12'b011000011)/uut/u_dut/u_CNN_CHUNK_CAPTURE/line__381  File: /home/work1/Works/HiLoGatedCNNTrigger/hw/rtl/CNN_CHUNK_CAPTURE.vhd
Note: [CNN_CHUNK] CNN_IDLE = '0'
Time: 0 ps  Iteration: 2  Process: /tb_thermal(P_THRESH=12'b011000011)/uut/u_dut/u_CNN_CHUNK_CAPTURE/line__381  File: /home/work1/Works/HiLoGatedCNNTrigger/hw/rtl/CNN_CHUNK_CAPTURE.vhd
Note: [CNN_CHUNK] CNN_IDLE = '1'
Time: 2500 ps  Iteration: 3  Process: /tb_thermal(P_THRESH=12'b011000011)/uut/u_dut/u_CNN_CHUNK_CAPTURE/line__381  File: /home/work1/Works/HiLoGatedCNNTrigger/hw/rtl/CNN_CHUNK_CAPTURE.vhd
[200000] Reset released. Streaming thermal noise stimulus.
  THRESH=195  HILO_WIN=5  COINC_WIN=16  BIN_THR=1

=== [824000] L0_PRE_TRIG — chunk 0 / 3 ===
Note: [CNN_CHUNK] buf_written_cnn = '1''0'
Time: 5057500 ps  Iteration: 1  Process: /tb_thermal(P_THRESH=12'b011000011)/uut/u_dut/u_CNN_CHUNK_CAPTURE/line__386  File: /home/work1/Works/HiLoGatedCNNTrigger/hw/rtl/CNN_CHUNK_CAPTURE.vhd
Note: [CNN_CHUNK] CNN_IDLE = '0'
Time: 5062500 ps  Iteration: 3  Process: /tb_thermal(P_THRESH=12'b011000011)/uut/u_dut/u_CNN_CHUNK_CAPTURE/line__381  File: /home/work1/Works/HiLoGatedCNNTrigger/hw/rtl/CNN_CHUNK_CAPTURE.vhd
  [22478000] CNN_OUT captured: 0x0001fb15  score=-4.9180
  CNN score = -4.9180  (cnn_fired=1)
Note: [CNN_CHUNK] CNN_IDLE = '1'
Time: 22477500 ps  Iteration: 4  Process: /tb_thermal(P_THRESH=12'b011000011)/uut/u_dut/u_CNN_CHUNK_CAPTURE/line__381  File: /home/work1/Works/HiLoGatedCNNTrigger/hw/rtl/CNN_CHUNK_CAPTURE.vhd
Note: [CNN_CHUNK] buf_written_cnn = '0''0'
Time: 22527500 ps  Iteration: 1  Process: /tb_thermal(P_THRESH=12'b011000011)/uut/u_dut/u_CNN_CHUNK_CAPTURE/line__386  File: /home/work1/Works/HiLoGatedCNNTrigger/hw/rtl/CNN_CHUNK_CAPTURE.vhd

=== [23864000] L0_PRE_TRIG — chunk 1 / 3 ===
Note: [CNN_CHUNK] buf_written_cnn = '1''0'
Time: 28097500 ps  Iteration: 1  Process: /tb_thermal(P_THRESH=12'b011000011)/uut/u_dut/u_CNN_CHUNK_CAPTURE/line__386  File: /home/work1/Works/HiLoGatedCNNTrigger/hw/rtl/CNN_CHUNK_CAPTURE.vhd
Note: [CNN_CHUNK] CNN_IDLE = '0'
Time: 28102500 ps  Iteration: 3  Process: /tb_thermal(P_THRESH=12'b011000011)/uut/u_dut/u_CNN_CHUNK_CAPTURE/line__381  File: /home/work1/Works/HiLoGatedCNNTrigger/hw/rtl/CNN_CHUNK_CAPTURE.vhd
  [45518000] CNN_OUT captured: 0x0001fbbc  score=-4.2656
  CNN score = -4.2656  (cnn_fired=1)
Note: [CNN_CHUNK] CNN_IDLE = '1'
Time: 45517500 ps  Iteration: 4  Process: /tb_thermal(P_THRESH=12'b011000011)/uut/u_dut/u_CNN_CHUNK_CAPTURE/line__381  File: /home/work1/Works/HiLoGatedCNNTrigger/hw/rtl/CNN_CHUNK_CAPTURE.vhd
Note: [CNN_CHUNK] buf_written_cnn = '0''0'
Time: 45567500 ps  Iteration: 1  Process: /tb_thermal(P_THRESH=12'b011000011)/uut/u_dut/u_CNN_CHUNK_CAPTURE/line__386  File: /home/work1/Works/HiLoGatedCNNTrigger/hw/rtl/CNN_CHUNK_CAPTURE.vhd

=== [46904000] L0_PRE_TRIG — chunk 2 / 3 ===
Note: [CNN_CHUNK] buf_written_cnn = '1''0'
Time: 51137500 ps  Iteration: 1  Process: /tb_thermal(P_THRESH=12'b011000011)/uut/u_dut/u_CNN_CHUNK_CAPTURE/line__386  File: /home/work1/Works/HiLoGatedCNNTrigger/hw/rtl/CNN_CHUNK_CAPTURE.vhd
Note: [CNN_CHUNK] CNN_IDLE = '0'
Time: 51142500 ps  Iteration: 3  Process: /tb_thermal(P_THRESH=12'b011000011)/uut/u_dut/u_CNN_CHUNK_CAPTURE/line__381  File: /home/work1/Works/HiLoGatedCNNTrigger/hw/rtl/CNN_CHUNK_CAPTURE.vhd
  [68558000] CNN_OUT captured: 0x0001fa81  score=-5.4961
  CNN score = -5.4961  (cnn_fired=1)
Note: [CNN_CHUNK] CNN_IDLE = '1'
Time: 68557500 ps  Iteration: 4  Process: /tb_thermal(P_THRESH=12'b011000011)/uut/u_dut/u_CNN_CHUNK_CAPTURE/line__381  File: /home/work1/Works/HiLoGatedCNNTrigger/hw/rtl/CNN_CHUNK_CAPTURE.vhd
Note: [CNN_CHUNK] buf_written_cnn = '0''0'
Time: 68607500 ps  Iteration: 1  Process: /tb_thermal(P_THRESH=12'b011000011)/uut/u_dut/u_CNN_CHUNK_CAPTURE/line__386  File: /home/work1/Works/HiLoGatedCNNTrigger/hw/rtl/CNN_CHUNK_CAPTURE.vhd

[71058000] Thermal sim complete.
  Chunks captured : 3 / 3
  CHUNK_OVERFLOW  : 1
$finish called at time : 71057500 ps : File "/home/work1/Works/HiLoGatedCNNTrigger/hw/sim/tb_thermal.sv" Line 353
exit
INFO: [Common 17-206] Exiting xsim at Wed May 13 18:25:24 2026...
