#-----------------------------------------------------------
# xsim v2023.2 (64-bit)
# SW Build 4029153 on Fri Oct 13 20:13:54 MDT 2023
# IP Build 4028589 on Sat Oct 14 00:45:43 MDT 2023
# SharedData Build 4025554 on Tue Oct 10 17:18:54 MDT 2023
# Start of session at: Thu Apr 30 15:41:59 2026
# Process ID: 2350414
# Current directory: /home/work1/Works/HiLoGatedCNNTrigger
# Command line: xsim -log /home/work1/Works/HiLoGatedCNNTrigger/logs/sim/xsim_run.log -mode tcl -source {xsim.dir/tb_sanity_snapshot/xsim_script.tcl}
# Log file: /home/work1/Works/HiLoGatedCNNTrigger/logs/sim/xsim_run.log
# Journal file: /home/work1/Works/HiLoGatedCNNTrigger/xsim.jou
# Running On: AlbertsUbuntu, OS: Linux, CPU Frequency: 800.199 MHz, CPU Physical cores: 24, Host memory: 16441 MB
#-----------------------------------------------------------
source xsim.dir/tb_sanity_snapshot/xsim_script.tcl
# xsim {tb_sanity_snapshot} -autoloadwcfg -runall
Time resolution is 1 ps
run -all
Note: [CNN_CHUNK] buf_written_cnn = '0''0'
Time: 0 ps  Iteration: 0  Process: /tb_sanity/uut/u_dut/u_CNN_CHUNK_CAPTURE/line__382  File: /home/work1/Works/HiLoGatedCNNTrigger/hw/rtl/CNN_CHUNK_CAPTURE.vhd
Note: [CNN_CHUNK] CNN_IDLE = 'U'
Time: 0 ps  Iteration: 0  Process: /tb_sanity/uut/u_dut/u_CNN_CHUNK_CAPTURE/line__377  File: /home/work1/Works/HiLoGatedCNNTrigger/hw/rtl/CNN_CHUNK_CAPTURE.vhd
Note: [CNN_CHUNK] CNN_IDLE = 'X'
Time: 0 ps  Iteration: 1  Process: /tb_sanity/uut/u_dut/u_CNN_CHUNK_CAPTURE/line__377  File: /home/work1/Works/HiLoGatedCNNTrigger/hw/rtl/CNN_CHUNK_CAPTURE.vhd
Note: [CNN_CHUNK] CNN_IDLE = '0'
Time: 0 ps  Iteration: 2  Process: /tb_sanity/uut/u_dut/u_CNN_CHUNK_CAPTURE/line__377  File: /home/work1/Works/HiLoGatedCNNTrigger/hw/rtl/CNN_CHUNK_CAPTURE.vhd
  [0] ** L0_PRE_TRIG captured (async) **
Note: [CNN_CHUNK] CNN_IDLE = '1'
Time: 2500 ps  Iteration: 3  Process: /tb_sanity/uut/u_dut/u_CNN_CHUNK_CAPTURE/line__377  File: /home/work1/Works/HiLoGatedCNNTrigger/hw/rtl/CNN_CHUNK_CAPTURE.vhd
[784000] Reset released. Starting sanity test.
  THRESH=300  HILO_WIN=10  COINC_WIN=20  BIN_THR=1  N_PRIME=6

=== Event 0 / 4  [sig] ===
  [1040000] ** L0_PRE_TRIG captured (async) **
  [1248000] L0 captured at 1040 ns  (64 ns after ev start)
Note: [CNN_CHUNK] buf_written_cnn = '1''0'
Time: 9397500 ps  Iteration: 1  Process: /tb_sanity/uut/u_dut/u_CNN_CHUNK_CAPTURE/line__382  File: /home/work1/Works/HiLoGatedCNNTrigger/hw/rtl/CNN_CHUNK_CAPTURE.vhd
Note: [CNN_CHUNK] CNN_IDLE = '0'
Time: 9402500 ps  Iteration: 3  Process: /tb_sanity/uut/u_dut/u_CNN_CHUNK_CAPTURE/line__377  File: /home/work1/Works/HiLoGatedCNNTrigger/hw/rtl/CNN_CHUNK_CAPTURE.vhd
  [26818000] ** CNN_OUT captured: 0x00001f97  score=31.5898 **
Note: [CNN_CHUNK] CNN_IDLE = '1'
Time: 26817500 ps  Iteration: 4  Process: /tb_sanity/uut/u_dut/u_CNN_CHUNK_CAPTURE/line__377  File: /home/work1/Works/HiLoGatedCNNTrigger/hw/rtl/CNN_CHUNK_CAPTURE.vhd
Note: [CNN_CHUNK] buf_written_cnn = '0''0'
Time: 26902500 ps  Iteration: 1  Process: /tb_sanity/uut/u_dut/u_CNN_CHUNK_CAPTURE/line__382  File: /home/work1/Works/HiLoGatedCNNTrigger/hw/rtl/CNN_CHUNK_CAPTURE.vhd
  Signal check: l0=1  cnn=1  score=31.5898  -> PASS

=== Event 1 / 4  [sig] ===
  [28080000] ** L0_PRE_TRIG captured (async) **
  [28288000] L0 captured at 28080 ns  (64 ns after ev start)
Note: [CNN_CHUNK] buf_written_cnn = '1''0'
Time: 36437500 ps  Iteration: 1  Process: /tb_sanity/uut/u_dut/u_CNN_CHUNK_CAPTURE/line__382  File: /home/work1/Works/HiLoGatedCNNTrigger/hw/rtl/CNN_CHUNK_CAPTURE.vhd
Note: [CNN_CHUNK] CNN_IDLE = '0'
Time: 36442500 ps  Iteration: 3  Process: /tb_sanity/uut/u_dut/u_CNN_CHUNK_CAPTURE/line__377  File: /home/work1/Works/HiLoGatedCNNTrigger/hw/rtl/CNN_CHUNK_CAPTURE.vhd
  [53858000] ** CNN_OUT captured: 0x0001f176  score=-14.5391 **
Note: [CNN_CHUNK] CNN_IDLE = '1'
Time: 53857500 ps  Iteration: 4  Process: /tb_sanity/uut/u_dut/u_CNN_CHUNK_CAPTURE/line__377  File: /home/work1/Works/HiLoGatedCNNTrigger/hw/rtl/CNN_CHUNK_CAPTURE.vhd
Note: [CNN_CHUNK] buf_written_cnn = '0''0'
Time: 53942500 ps  Iteration: 1  Process: /tb_sanity/uut/u_dut/u_CNN_CHUNK_CAPTURE/line__382  File: /home/work1/Works/HiLoGatedCNNTrigger/hw/rtl/CNN_CHUNK_CAPTURE.vhd
  Signal check: l0=1  cnn=1  score=-14.5391  -> FAIL

=== Event 2 / 4  [sig] ===
  [55120000] ** L0_PRE_TRIG captured (async) **
  [55328000] L0 captured at 55120 ns  (64 ns after ev start)
Note: [CNN_CHUNK] buf_written_cnn = '1''0'
Time: 63477500 ps  Iteration: 1  Process: /tb_sanity/uut/u_dut/u_CNN_CHUNK_CAPTURE/line__382  File: /home/work1/Works/HiLoGatedCNNTrigger/hw/rtl/CNN_CHUNK_CAPTURE.vhd
Note: [CNN_CHUNK] CNN_IDLE = '0'
Time: 63482500 ps  Iteration: 3  Process: /tb_sanity/uut/u_dut/u_CNN_CHUNK_CAPTURE/line__377  File: /home/work1/Works/HiLoGatedCNNTrigger/hw/rtl/CNN_CHUNK_CAPTURE.vhd
  [80898000] ** CNN_OUT captured: 0x000005ee  score=5.9297 **
Note: [CNN_CHUNK] CNN_IDLE = '1'
Time: 80897500 ps  Iteration: 4  Process: /tb_sanity/uut/u_dut/u_CNN_CHUNK_CAPTURE/line__377  File: /home/work1/Works/HiLoGatedCNNTrigger/hw/rtl/CNN_CHUNK_CAPTURE.vhd
Note: [CNN_CHUNK] buf_written_cnn = '0''0'
Time: 80982500 ps  Iteration: 1  Process: /tb_sanity/uut/u_dut/u_CNN_CHUNK_CAPTURE/line__382  File: /home/work1/Works/HiLoGatedCNNTrigger/hw/rtl/CNN_CHUNK_CAPTURE.vhd
  Signal check: l0=1  cnn=1  score=5.9297  -> PASS

=== Event 3 / 4  [noise] ===
  [82160000] ** L0_PRE_TRIG captured (async) **
  [82368000] L0 captured at 82160 ns  (64 ns after ev start)
Note: [CNN_CHUNK] buf_written_cnn = '1''0'
Time: 90517500 ps  Iteration: 1  Process: /tb_sanity/uut/u_dut/u_CNN_CHUNK_CAPTURE/line__382  File: /home/work1/Works/HiLoGatedCNNTrigger/hw/rtl/CNN_CHUNK_CAPTURE.vhd
Note: [CNN_CHUNK] CNN_IDLE = '0'
Time: 90522500 ps  Iteration: 3  Process: /tb_sanity/uut/u_dut/u_CNN_CHUNK_CAPTURE/line__377  File: /home/work1/Works/HiLoGatedCNNTrigger/hw/rtl/CNN_CHUNK_CAPTURE.vhd
  [107938000] ** CNN_OUT captured: 0x00001171  score=17.4414 **
Note: [CNN_CHUNK] CNN_IDLE = '1'
Time: 107937500 ps  Iteration: 4  Process: /tb_sanity/uut/u_dut/u_CNN_CHUNK_CAPTURE/line__377  File: /home/work1/Works/HiLoGatedCNNTrigger/hw/rtl/CNN_CHUNK_CAPTURE.vhd
Note: [CNN_CHUNK] buf_written_cnn = '0''0'
Time: 108022500 ps  Iteration: 1  Process: /tb_sanity/uut/u_dut/u_CNN_CHUNK_CAPTURE/line__382  File: /home/work1/Works/HiLoGatedCNNTrigger/hw/rtl/CNN_CHUNK_CAPTURE.vhd
  Noise check:  l0=1  score=17.4414 (must be ≤0.5)  -> FAIL

========================================
  SANITY TEST COMPLETE
  Passed: 2 / 4
  Failed: 2 / 4
  CHUNK_OVERFLOW: 1
========================================

 921150771033451922120607058308878597077988903644745436107582759563047573012291963860072264991842426249115058897973180532          2
$finish called at time : 108937500 ps : File "/home/work1/Works/HiLoGatedCNNTrigger/hw/sim/tb_sanity.sv" Line 373
exit
INFO: [Common 17-206] Exiting xsim at Thu Apr 30 15:42:02 2026...
