#-----------------------------------------------------------
# xsim v2023.2 (64-bit)
# SW Build 4029153 on Fri Oct 13 20:13:54 MDT 2023
# IP Build 4028589 on Sat Oct 14 00:45:43 MDT 2023
# SharedData Build 4025554 on Tue Oct 10 17:18:54 MDT 2023
# Start of session at: Mon Apr 27 16:00:43 2026
# Process ID: 2295543
# Current directory: /home/work1/Works/HiLoGatedCNNTrigger
# Command line: xsim -log /home/work1/Works/HiLoGatedCNNTrigger/logs/sim/xsim_run.log -mode tcl -source {xsim.dir/tb_sanity_snapshot/xsim_script.tcl}
# Log file: /home/work1/Works/HiLoGatedCNNTrigger/logs/sim/xsim_run.log
# Journal file: /home/work1/Works/HiLoGatedCNNTrigger/xsim.jou
# Running On: AlbertsUbuntu, OS: Linux, CPU Frequency: 859.757 MHz, CPU Physical cores: 24, Host memory: 16441 MB
#-----------------------------------------------------------
source xsim.dir/tb_sanity_snapshot/xsim_script.tcl
# xsim {tb_sanity_snapshot} -autoloadwcfg -runall
Time resolution is 1 ps
run -all
[784000] Reset released. Starting sanity test.
  THRESH=300  HILO_WIN=10  COINC_WIN=20  BIN_THR=1  N_PRIME=6

=== Event 0 / 4  [sig] ===
  [601248000] TIMEOUT — L0 did not fire within 600 µs.
  Signal check: l0_fired=0  cnn_fired=0  cnn_score=0.0000  -> FAIL

=== Event 1 / 4  [sig] ===
  [1202336000] TIMEOUT — L0 did not fire within 600 µs.
  Signal check: l0_fired=0  cnn_fired=0  cnn_score=0.0000  -> FAIL

=== Event 2 / 4  [sig] ===
  [1803424000] TIMEOUT — L0 did not fire within 600 µs.
  Signal check: l0_fired=0  cnn_fired=0  cnn_score=0.0000  -> FAIL

=== Event 3 / 4  [noise] ===
  [2404512000] TIMEOUT — L0 did not fire within 600 µs.
  Noise check:  l0_fired=0  (Hi-Lo did not fire)  -> PASS

========================================
  SANITY TEST COMPLETE
  Passed: 1 / 4
  Failed: 3 / 4
  CHUNK_OVERFLOW at any point: 1
========================================

[RESULT] 3 FAILURES — check sanity_results.txt and sanity_wave.csv
$finish called at time : 2405136 ns : File "/home/work1/Works/HiLoGatedCNNTrigger/hw/sim/tb_sanity.sv" Line 370
run: Time (s): cpu = 00:00:00.03 ; elapsed = 00:00:14 . Memory (MB): peak = 1259.496 ; gain = 8.004 ; free physical = 462 ; free virtual = 40686
exit
INFO: xsimkernel Simulation Memory Usage: 139140 KB (Peak: 179800 KB), Simulation CPU Usage: 13720 ms
INFO: [Common 17-206] Exiting xsim at Mon Apr 27 16:00:59 2026...
