INFO: [VRFC 10-2263] Analyzing Verilog file "/home/work1/Works/HiLoGatedCNNTrigger/.bender/git/checkouts/cnn-core-e877e60e6252d66e/cnn_core_project/cnn_core_prj/solution1/impl/verilog/cnn_core.v" into library xil_defaultlib
INFO: [VRFC 10-311] analyzing module cnn_core
INFO: [VRFC 10-2263] Analyzing Verilog file "/home/work1/Works/HiLoGatedCNNTrigger/.bender/git/checkouts/cnn-core-e877e60e6252d66e/cnn_core_project/cnn_core_prj/solution1/impl/verilog/cnn_core_compute_output_buffer_1d_array_array_ap_fixed_17_9_5_3_0_7u_config4_s.v" into library xil_defaultlib
INFO: [VRFC 10-311] analyzing module cnn_core_compute_output_buffer_1d_array_array_ap_fixed_17_9_5_3_0_7u_config4_s
INFO: [VRFC 10-2263] Analyzing Verilog file "/home/work1/Works/HiLoGatedCNNTrigger/.bender/git/checkouts/cnn-core-e877e60e6252d66e/cnn_core_project/cnn_core_prj/solution1/impl/verilog/cnn_core_conv_2d_cl_array_ap_fixed_1u_array_ap_fixed_17_9_5_3_0_7u_config4_s.v" into library xil_defaultlib
INFO: [VRFC 10-311] analyzing module cnn_core_conv_2d_cl_array_ap_fixed_1u_array_ap_fixed_17_9_5_3_0_7u_config4_s
INFO: [VRFC 10-2263] Analyzing Verilog file "/home/work1/Works/HiLoGatedCNNTrigger/.bender/git/checkouts/cnn-core-e877e60e6252d66e/cnn_core_project/cnn_core_prj/solution1/impl/verilog/cnn_core_dense_array_ap_fixed_42u_array_ap_fixed_17_9_5_3_0_1u_config10_s.v" into library xil_defaultlib
INFO: [VRFC 10-311] analyzing module cnn_core_dense_array_ap_fixed_42u_array_ap_fixed_17_9_5_3_0_1u_config10_s
INFO: [VRFC 10-2263] Analyzing Verilog file "/home/work1/Works/HiLoGatedCNNTrigger/.bender/git/checkouts/cnn-core-e877e60e6252d66e/cnn_core_project/cnn_core_prj/solution1/impl/verilog/cnn_core_dense_array_array_ap_fixed_17_9_5_3_0_1u_config10_Pipeline_DataPrepare.v" into library xil_defaultlib
INFO: [VRFC 10-311] analyzing module cnn_core_dense_array_array_ap_fixed_17_9_5_3_0_1u_config10_Pipeline_DataPrepare
INFO: [VRFC 10-2263] Analyzing Verilog file "/home/work1/Works/HiLoGatedCNNTrigger/.bender/git/checkouts/cnn-core-e877e60e6252d66e/cnn_core_project/cnn_core_prj/solution1/impl/verilog/cnn_core_dense_latency_ap_fixed_12_6_5_3_0_ap_fixed_17_9_5_3_0_config4_mult_s.v" into library xil_defaultlib
INFO: [VRFC 10-311] analyzing module cnn_core_dense_latency_ap_fixed_12_6_5_3_0_ap_fixed_17_9_5_3_0_config4_mult_s
INFO: [VRFC 10-2263] Analyzing Verilog file "/home/work1/Works/HiLoGatedCNNTrigger/.bender/git/checkouts/cnn-core-e877e60e6252d66e/cnn_core_project/cnn_core_prj/solution1/impl/verilog/cnn_core_dense_latency_wrapper_ap_fixed_ap_fixed_17_9_5_3_0_config10_s.v" into library xil_defaultlib
INFO: [VRFC 10-311] analyzing module cnn_core_dense_latency_wrapper_ap_fixed_ap_fixed_17_9_5_3_0_config10_s
INFO: [VRFC 10-2263] Analyzing Verilog file "/home/work1/Works/HiLoGatedCNNTrigger/.bender/git/checkouts/cnn-core-e877e60e6252d66e/cnn_core_project/cnn_core_prj/solution1/impl/verilog/cnn_core_fifo_w112_d168_A.v" into library xil_defaultlib
INFO: [VRFC 10-311] analyzing module cnn_core_fifo_w112_d168_A
INFO: [VRFC 10-311] analyzing module cnn_core_fifo_w112_d168_A_ram
INFO: [VRFC 10-2263] Analyzing Verilog file "/home/work1/Works/HiLoGatedCNNTrigger/.bender/git/checkouts/cnn-core-e877e60e6252d66e/cnn_core_project/cnn_core_prj/solution1/impl/verilog/cnn_core_fifo_w112_d336_A.v" into library xil_defaultlib
INFO: [VRFC 10-311] analyzing module cnn_core_fifo_w112_d336_A
INFO: [VRFC 10-311] analyzing module cnn_core_fifo_w112_d336_A_ram
INFO: [VRFC 10-2263] Analyzing Verilog file "/home/work1/Works/HiLoGatedCNNTrigger/.bender/git/checkouts/cnn-core-e877e60e6252d66e/cnn_core_project/cnn_core_prj/solution1/impl/verilog/cnn_core_fifo_w119_d336_A.v" into library xil_defaultlib
INFO: [VRFC 10-311] analyzing module cnn_core_fifo_w119_d336_A
INFO: [VRFC 10-311] analyzing module cnn_core_fifo_w119_d336_A_ram
INFO: [VRFC 10-2263] Analyzing Verilog file "/home/work1/Works/HiLoGatedCNNTrigger/.bender/git/checkouts/cnn-core-e877e60e6252d66e/cnn_core_project/cnn_core_prj/solution1/impl/verilog/cnn_core_fifo_w12_d1024_A.v" into library xil_defaultlib
INFO: [VRFC 10-311] analyzing module cnn_core_fifo_w12_d1024_A
INFO: [VRFC 10-311] analyzing module cnn_core_fifo_w12_d1024_A_ram
INFO: [VRFC 10-2263] Analyzing Verilog file "/home/work1/Works/HiLoGatedCNNTrigger/.bender/git/checkouts/cnn-core-e877e60e6252d66e/cnn_core_project/cnn_core_prj/solution1/impl/verilog/cnn_core_fifo_w3072_d4_A.v" into library xil_defaultlib
INFO: [VRFC 10-311] analyzing module cnn_core_fifo_w3072_d4_A
INFO: [VRFC 10-311] analyzing module cnn_core_fifo_w3072_d4_A_ram
INFO: [VRFC 10-2263] Analyzing Verilog file "/home/work1/Works/HiLoGatedCNNTrigger/.bender/git/checkouts/cnn-core-e877e60e6252d66e/cnn_core_project/cnn_core_prj/solution1/impl/verilog/cnn_core_fifo_w672_d28_A.v" into library xil_defaultlib
INFO: [VRFC 10-311] analyzing module cnn_core_fifo_w672_d28_A
INFO: [VRFC 10-311] analyzing module cnn_core_fifo_w672_d28_A_ram
INFO: [VRFC 10-2263] Analyzing Verilog file "/home/work1/Works/HiLoGatedCNNTrigger/.bender/git/checkouts/cnn-core-e877e60e6252d66e/cnn_core_project/cnn_core_prj/solution1/impl/verilog/cnn_core_flow_control_loop_pipe.v" into library xil_defaultlib
INFO: [VRFC 10-311] analyzing module cnn_core_flow_control_loop_pipe
INFO: [VRFC 10-2263] Analyzing Verilog file "/home/work1/Works/HiLoGatedCNNTrigger/.bender/git/checkouts/cnn-core-e877e60e6252d66e/cnn_core_project/cnn_core_prj/solution1/impl/verilog/cnn_core_flow_control_loop_pipe_sequential_init.v" into library xil_defaultlib
INFO: [VRFC 10-311] analyzing module cnn_core_flow_control_loop_pipe_sequential_init
INFO: [VRFC 10-2263] Analyzing Verilog file "/home/work1/Works/HiLoGatedCNNTrigger/.bender/git/checkouts/cnn-core-e877e60e6252d66e/cnn_core_project/cnn_core_prj/solution1/impl/verilog/cnn_core_hls_deadlock_detection_unit.v" into library xil_defaultlib
INFO: [VRFC 10-311] analyzing module cnn_core_hls_deadlock_detect_unit
INFO: [VRFC 10-2263] Analyzing Verilog file "/home/work1/Works/HiLoGatedCNNTrigger/.bender/git/checkouts/cnn-core-e877e60e6252d66e/cnn_core_project/cnn_core_prj/solution1/impl/verilog/cnn_core_hls_deadlock_idx0_monitor.v" into library xil_defaultlib
INFO: [VRFC 10-311] analyzing module cnn_core_hls_deadlock_idx0_monitor
INFO: [VRFC 10-2263] Analyzing Verilog file "/home/work1/Works/HiLoGatedCNNTrigger/.bender/git/checkouts/cnn-core-e877e60e6252d66e/cnn_core_project/cnn_core_prj/solution1/impl/verilog/cnn_core_mul_12s_6s_18_1_0.v" into library xil_defaultlib
INFO: [VRFC 10-311] analyzing module cnn_core_mul_12s_6s_18_1_0
INFO: [VRFC 10-2263] Analyzing Verilog file "/home/work1/Works/HiLoGatedCNNTrigger/.bender/git/checkouts/cnn-core-e877e60e6252d66e/cnn_core_project/cnn_core_prj/solution1/impl/verilog/cnn_core_mul_12s_7ns_19_1_0.v" into library xil_defaultlib
INFO: [VRFC 10-311] analyzing module cnn_core_mul_12s_7ns_19_1_0
INFO: [VRFC 10-2263] Analyzing Verilog file "/home/work1/Works/HiLoGatedCNNTrigger/.bender/git/checkouts/cnn-core-e877e60e6252d66e/cnn_core_project/cnn_core_prj/solution1/impl/verilog/cnn_core_mul_12s_7s_19_1_0.v" into library xil_defaultlib
INFO: [VRFC 10-311] analyzing module cnn_core_mul_12s_7s_19_1_0
INFO: [VRFC 10-2263] Analyzing Verilog file "/home/work1/Works/HiLoGatedCNNTrigger/.bender/git/checkouts/cnn-core-e877e60e6252d66e/cnn_core_project/cnn_core_prj/solution1/impl/verilog/cnn_core_mul_12s_8ns_20_1_0.v" into library xil_defaultlib
INFO: [VRFC 10-311] analyzing module cnn_core_mul_12s_8ns_20_1_0
INFO: [VRFC 10-2263] Analyzing Verilog file "/home/work1/Works/HiLoGatedCNNTrigger/.bender/git/checkouts/cnn-core-e877e60e6252d66e/cnn_core_project/cnn_core_prj/solution1/impl/verilog/cnn_core_mul_12s_8s_20_1_0.v" into library xil_defaultlib
INFO: [VRFC 10-311] analyzing module cnn_core_mul_12s_8s_20_1_0
INFO: [VRFC 10-2263] Analyzing Verilog file "/home/work1/Works/HiLoGatedCNNTrigger/.bender/git/checkouts/cnn-core-e877e60e6252d66e/cnn_core_project/cnn_core_prj/solution1/impl/verilog/cnn_core_mul_12s_9ns_20_1_0.v" into library xil_defaultlib
INFO: [VRFC 10-311] analyzing module cnn_core_mul_12s_9ns_20_1_0
INFO: [VRFC 10-2263] Analyzing Verilog file "/home/work1/Works/HiLoGatedCNNTrigger/.bender/git/checkouts/cnn-core-e877e60e6252d66e/cnn_core_project/cnn_core_prj/solution1/impl/verilog/cnn_core_mul_12s_9s_20_1_0.v" into library xil_defaultlib
INFO: [VRFC 10-311] analyzing module cnn_core_mul_12s_9s_20_1_0
INFO: [VRFC 10-2263] Analyzing Verilog file "/home/work1/Works/HiLoGatedCNNTrigger/.bender/git/checkouts/cnn-core-e877e60e6252d66e/cnn_core_project/cnn_core_prj/solution1/impl/verilog/cnn_core_mul_16s_10ns_24_1_1.v" into library xil_defaultlib
INFO: [VRFC 10-311] analyzing module cnn_core_mul_16s_10ns_24_1_1
INFO: [VRFC 10-2263] Analyzing Verilog file "/home/work1/Works/HiLoGatedCNNTrigger/.bender/git/checkouts/cnn-core-e877e60e6252d66e/cnn_core_project/cnn_core_prj/solution1/impl/verilog/cnn_core_mul_16s_5ns_21_1_1.v" into library xil_defaultlib
INFO: [VRFC 10-311] analyzing module cnn_core_mul_16s_5ns_21_1_1
INFO: [VRFC 10-2263] Analyzing Verilog file "/home/work1/Works/HiLoGatedCNNTrigger/.bender/git/checkouts/cnn-core-e877e60e6252d66e/cnn_core_project/cnn_core_prj/solution1/impl/verilog/cnn_core_mul_16s_5s_21_1_1.v" into library xil_defaultlib
INFO: [VRFC 10-311] analyzing module cnn_core_mul_16s_5s_21_1_1
INFO: [VRFC 10-2263] Analyzing Verilog file "/home/work1/Works/HiLoGatedCNNTrigger/.bender/git/checkouts/cnn-core-e877e60e6252d66e/cnn_core_project/cnn_core_prj/solution1/impl/verilog/cnn_core_mul_16s_6ns_22_1_1.v" into library xil_defaultlib
INFO: [VRFC 10-311] analyzing module cnn_core_mul_16s_6ns_22_1_1
INFO: [VRFC 10-2263] Analyzing Verilog file "/home/work1/Works/HiLoGatedCNNTrigger/.bender/git/checkouts/cnn-core-e877e60e6252d66e/cnn_core_project/cnn_core_prj/solution1/impl/verilog/cnn_core_mul_16s_6s_22_1_1.v" into library xil_defaultlib
INFO: [VRFC 10-311] analyzing module cnn_core_mul_16s_6s_22_1_1
INFO: [VRFC 10-2263] Analyzing Verilog file "/home/work1/Works/HiLoGatedCNNTrigger/.bender/git/checkouts/cnn-core-e877e60e6252d66e/cnn_core_project/cnn_core_prj/solution1/impl/verilog/cnn_core_mul_16s_7ns_23_1_1.v" into library xil_defaultlib
INFO: [VRFC 10-311] analyzing module cnn_core_mul_16s_7ns_23_1_1
INFO: [VRFC 10-2263] Analyzing Verilog file "/home/work1/Works/HiLoGatedCNNTrigger/.bender/git/checkouts/cnn-core-e877e60e6252d66e/cnn_core_project/cnn_core_prj/solution1/impl/verilog/cnn_core_mul_16s_7s_23_1_1.v" into library xil_defaultlib
INFO: [VRFC 10-311] analyzing module cnn_core_mul_16s_7s_23_1_1
INFO: [VRFC 10-2263] Analyzing Verilog file "/home/work1/Works/HiLoGatedCNNTrigger/.bender/git/checkouts/cnn-core-e877e60e6252d66e/cnn_core_project/cnn_core_prj/solution1/impl/verilog/cnn_core_mul_16s_8ns_24_1_1.v" into library xil_defaultlib
INFO: [VRFC 10-311] analyzing module cnn_core_mul_16s_8ns_24_1_1
INFO: [VRFC 10-2263] Analyzing Verilog file "/home/work1/Works/HiLoGatedCNNTrigger/.bender/git/checkouts/cnn-core-e877e60e6252d66e/cnn_core_project/cnn_core_prj/solution1/impl/verilog/cnn_core_mul_16s_8s_24_1_1.v" into library xil_defaultlib
INFO: [VRFC 10-311] analyzing module cnn_core_mul_16s_8s_24_1_1
INFO: [VRFC 10-2263] Analyzing Verilog file "/home/work1/Works/HiLoGatedCNNTrigger/.bender/git/checkouts/cnn-core-e877e60e6252d66e/cnn_core_project/cnn_core_prj/solution1/impl/verilog/cnn_core_mul_16s_9ns_24_1_1.v" into library xil_defaultlib
INFO: [VRFC 10-311] analyzing module cnn_core_mul_16s_9ns_24_1_1
INFO: [VRFC 10-2263] Analyzing Verilog file "/home/work1/Works/HiLoGatedCNNTrigger/.bender/git/checkouts/cnn-core-e877e60e6252d66e/cnn_core_project/cnn_core_prj/solution1/impl/verilog/cnn_core_pooling2d_cl_array_ap_fixed_7u_array_ap_fixed_16_6_5_3_0_7u_config6_s.v" into library xil_defaultlib
INFO: [VRFC 10-311] analyzing module cnn_core_pooling2d_cl_array_ap_fixed_7u_array_ap_fixed_16_6_5_3_0_7u_config6_s
INFO: [VRFC 10-2263] Analyzing Verilog file "/home/work1/Works/HiLoGatedCNNTrigger/.bender/git/checkouts/cnn-core-e877e60e6252d66e/cnn_core_project/cnn_core_prj/solution1/impl/verilog/cnn_core_regslice_both.v" into library xil_defaultlib
INFO: [VRFC 10-311] analyzing module cnn_core_regslice_both
INFO: [VRFC 10-311] analyzing module cnn_core_regslice_both_w1
INFO: [VRFC 10-2263] Analyzing Verilog file "/home/work1/Works/HiLoGatedCNNTrigger/.bender/git/checkouts/cnn-core-e877e60e6252d66e/cnn_core_project/cnn_core_prj/solution1/impl/verilog/cnn_core_relu_array_ap_fixed_7u_array_ap_fixed_16_6_5_3_0_7u_relu_config5_s.v" into library xil_defaultlib
INFO: [VRFC 10-311] analyzing module cnn_core_relu_array_ap_fixed_7u_array_ap_fixed_16_6_5_3_0_7u_relu_config5_s
INFO: [VRFC 10-2263] Analyzing Verilog file "/home/work1/Works/HiLoGatedCNNTrigger/.bender/git/checkouts/cnn-core-e877e60e6252d66e/cnn_core_project/cnn_core_prj/solution1/impl/verilog/cnn_core_repack_stream_array_ap_fixed_256u_array_ap_fixed_12_6_5_3_0_1u_1024_s.v" into library xil_defaultlib
INFO: [VRFC 10-311] analyzing module cnn_core_repack_stream_array_ap_fixed_256u_array_ap_fixed_12_6_5_3_0_1u_1024_s
INFO: [VRFC 10-2263] Analyzing Verilog file "/home/work1/Works/HiLoGatedCNNTrigger/.bender/git/checkouts/cnn-core-e877e60e6252d66e/cnn_core_project/cnn_core_prj/solution1/impl/verilog/cnn_core_repack_stream_array_ap_fixed_256u_array_ap_fixed_12_6_5_3_0_1u_1024_s_in_databkb.v" into library xil_defaultlib
INFO: [VRFC 10-311] analyzing module cnn_core_repack_stream_array_ap_fixed_256u_array_ap_fixed_12_6_5_3_0_1u_1024_s_in_databkb
INFO: [VRFC 10-2263] Analyzing Verilog file "/home/work1/Works/HiLoGatedCNNTrigger/.bender/git/checkouts/cnn-core-e877e60e6252d66e/cnn_core_project/cnn_core_prj/solution1/impl/verilog/cnn_core_repack_stream_array_ap_fixed_42u_array_ap_fixed_16_6_5_3_0_42u_1176_s.v" into library xil_defaultlib
INFO: [VRFC 10-311] analyzing module cnn_core_repack_stream_array_ap_fixed_42u_array_ap_fixed_16_6_5_3_0_42u_1176_s
INFO: [VRFC 10-2263] Analyzing Verilog file "/home/work1/Works/HiLoGatedCNNTrigger/.bender/git/checkouts/cnn-core-e877e60e6252d66e/cnn_core_project/cnn_core_prj/solution1/impl/verilog/cnn_core_repack_stream_array_ap_fixed_7u_array_ap_fixed_16_6_5_3_0_42u_1176_s.v" into library xil_defaultlib
INFO: [VRFC 10-311] analyzing module cnn_core_repack_stream_array_ap_fixed_7u_array_ap_fixed_16_6_5_3_0_42u_1176_s
INFO: [VRFC 10-2263] Analyzing Verilog file "/home/work1/Works/HiLoGatedCNNTrigger/.bender/git/checkouts/cnn-core-e877e60e6252d66e/cnn_core_project/cnn_core_prj/solution1/impl/verilog/cnn_core_repack_stream_array_array_ap_fixed_1u_1024_Pipeline_VITIS_LOOP_254_4.v" into library xil_defaultlib
INFO: [VRFC 10-311] analyzing module cnn_core_repack_stream_array_array_ap_fixed_1u_1024_Pipeline_VITIS_LOOP_254_4
INFO: [VRFC 10-2263] Analyzing Verilog file "/home/work1/Works/HiLoGatedCNNTrigger/.bender/git/checkouts/cnn-core-e877e60e6252d66e/cnn_core_project/cnn_core_prj/solution1/impl/verilog/cnn_core_shift_line_buffer_array_ap_fixed_16_6_5_3_0_7u_config6_s.v" into library xil_defaultlib
INFO: [VRFC 10-311] analyzing module cnn_core_shift_line_buffer_array_ap_fixed_16_6_5_3_0_7u_config6_s
INFO: [VRFC 10-2263] Analyzing Verilog file "/home/work1/Works/HiLoGatedCNNTrigger/.bender/git/checkouts/cnn-core-e877e60e6252d66e/cnn_core_project/cnn_core_prj/solution1/impl/verilog/cnn_core_sparsemux_9_2_12_1_1.v" into library xil_defaultlib
INFO: [VRFC 10-311] analyzing module cnn_core_sparsemux_9_2_12_1_1
INFO: [VRFC 10-2263] Analyzing Verilog file "/home/work1/Works/HiLoGatedCNNTrigger/.bender/git/checkouts/cnn-core-e877e60e6252d66e/cnn_core_project/cnn_core_prj/solution1/impl/verilog/cnn_core_start_for_conv_2d_cl_array_ap_fixed_1u_array_ap_fixed_17_9_5_3_0_7u_config4_U0.v" into library xil_defaultlib
INFO: [VRFC 10-311] analyzing module cnn_core_start_for_conv_2d_cl_array_ap_fixed_1u_array_ap_fixed_17_9_5_3_0_7u_config4_U0
INFO: [VRFC 10-311] analyzing module cnn_core_start_for_conv_2d_cl_array_ap_fixed_1u_array_ap_fixed_17_9_5_3_0_7u_config4_U0_ShiftReg
INFO: [VRFC 10-2263] Analyzing Verilog file "/home/work1/Works/HiLoGatedCNNTrigger/.bender/git/checkouts/cnn-core-e877e60e6252d66e/cnn_core_project/cnn_core_prj/solution1/impl/verilog/cnn_core_start_for_dense_array_ap_fixed_42u_array_ap_fixed_17_9_5_3_0_1u_config10_U0.v" into library xil_defaultlib
INFO: [VRFC 10-311] analyzing module cnn_core_start_for_dense_array_ap_fixed_42u_array_ap_fixed_17_9_5_3_0_1u_config10_U0
INFO: [VRFC 10-311] analyzing module cnn_core_start_for_dense_array_ap_fixed_42u_array_ap_fixed_17_9_5_3_0_1u_config10_U0_ShiftReg
INFO: [VRFC 10-2263] Analyzing Verilog file "/home/work1/Works/HiLoGatedCNNTrigger/.bender/git/checkouts/cnn-core-e877e60e6252d66e/cnn_core_project/cnn_core_prj/solution1/impl/verilog/cnn_core_start_for_pooling2d_cl_array_ap_fixed_7u_array_ap_fixed_16_6_5_3_0_7u_config6dEe.v" into library xil_defaultlib
INFO: [VRFC 10-311] analyzing module cnn_core_start_for_pooling2d_cl_array_ap_fixed_7u_array_ap_fixed_16_6_5_3_0_7u_config6dEe
INFO: [VRFC 10-311] analyzing module cnn_core_start_for_pooling2d_cl_array_ap_fixed_7u_array_ap_fixed_16_6_5_3_0_7u_config6dEe_ShiftReg
INFO: [VRFC 10-2263] Analyzing Verilog file "/home/work1/Works/HiLoGatedCNNTrigger/.bender/git/checkouts/cnn-core-e877e60e6252d66e/cnn_core_project/cnn_core_prj/solution1/impl/verilog/cnn_core_start_for_relu_array_ap_fixed_7u_array_ap_fixed_16_6_5_3_0_7u_relu_config5_U0.v" into library xil_defaultlib
INFO: [VRFC 10-311] analyzing module cnn_core_start_for_relu_array_ap_fixed_7u_array_ap_fixed_16_6_5_3_0_7u_relu_config5_U0
INFO: [VRFC 10-311] analyzing module cnn_core_start_for_relu_array_ap_fixed_7u_array_ap_fixed_16_6_5_3_0_7u_relu_config5_U0_ShiftReg
INFO: [VRFC 10-2263] Analyzing Verilog file "/home/work1/Works/HiLoGatedCNNTrigger/.bender/git/checkouts/cnn-core-e877e60e6252d66e/cnn_core_project/cnn_core_prj/solution1/impl/verilog/cnn_core_start_for_repack_stream_array_ap_fixed_256u_array_ap_fixed_12_6_5_3_0_1u_1024cud.v" into library xil_defaultlib
INFO: [VRFC 10-311] analyzing module cnn_core_start_for_repack_stream_array_ap_fixed_256u_array_ap_fixed_12_6_5_3_0_1u_1024cud
INFO: [VRFC 10-311] analyzing module cnn_core_start_for_repack_stream_array_ap_fixed_256u_array_ap_fixed_12_6_5_3_0_1u_1024cud_ShiftReg
INFO: [VRFC 10-2263] Analyzing Verilog file "/home/work1/Works/HiLoGatedCNNTrigger/.bender/git/checkouts/cnn-core-e877e60e6252d66e/cnn_core_project/cnn_core_prj/solution1/impl/verilog/cnn_core_start_for_repack_stream_array_ap_fixed_42u_array_ap_fixed_16_6_5_3_0_42u_1176eOg.v" into library xil_defaultlib
INFO: [VRFC 10-311] analyzing module cnn_core_start_for_repack_stream_array_ap_fixed_42u_array_ap_fixed_16_6_5_3_0_42u_1176eOg
INFO: [VRFC 10-311] analyzing module cnn_core_start_for_repack_stream_array_ap_fixed_42u_array_ap_fixed_16_6_5_3_0_42u_1176eOg_ShiftReg
INFO: [VRFC 10-2263] Analyzing Verilog file "/home/work1/Works/HiLoGatedCNNTrigger/.bender/git/checkouts/cnn-core-e877e60e6252d66e/cnn_core_project/cnn_core_prj/solution1/impl/verilog/cnn_core_start_for_repack_stream_array_ap_fixed_7u_array_ap_fixed_16_6_5_3_0_42u_1176_U0.v" into library xil_defaultlib
INFO: [VRFC 10-311] analyzing module cnn_core_start_for_repack_stream_array_ap_fixed_7u_array_ap_fixed_16_6_5_3_0_42u_1176_U0
INFO: [VRFC 10-311] analyzing module cnn_core_start_for_repack_stream_array_ap_fixed_7u_array_ap_fixed_16_6_5_3_0_42u_1176_U0_ShiftReg
INFO: [VRFC 10-2263] Analyzing Verilog file "/home/work1/Works/HiLoGatedCNNTrigger/.bender/git/checkouts/cnn-core-e877e60e6252d66e/cnn_core_project/cnn_core_prj/solution1/impl/verilog/cnn_core_transpose_array_ap_fixed_4u_array_ap_fixed_12_6_5_3_0_256u_config2_s.v" into library xil_defaultlib
INFO: [VRFC 10-311] analyzing module cnn_core_transpose_array_ap_fixed_4u_array_ap_fixed_12_6_5_3_0_256u_config2_s
INFO: [VRFC 10-2263] Analyzing Verilog file "/home/work1/Works/HiLoGatedCNNTrigger/.bender/git/checkouts/cnn-core-e877e60e6252d66e/cnn_core_project/cnn_core_prj/solution1/impl/verilog/cnn_core_transpose_array_array_ap_fixed_256u_config2_Pipeline_VITIS_LOOP_16_1.v" into library xil_defaultlib
INFO: [VRFC 10-311] analyzing module cnn_core_transpose_array_array_ap_fixed_256u_config2_Pipeline_VITIS_LOOP_16_1
INFO: [VRFC 10-2263] Analyzing Verilog file "/home/work1/Works/HiLoGatedCNNTrigger/.bender/git/checkouts/cnn-core-e877e60e6252d66e/cnn_core_project/cnn_core_prj/solution1/impl/verilog/cnn_core_transpose_array_array_ap_fixed_256u_config2_Pipeline_VITIS_LOOP_25_3.v" into library xil_defaultlib
INFO: [VRFC 10-311] analyzing module cnn_core_transpose_array_array_ap_fixed_256u_config2_Pipeline_VITIS_LOOP_25_3
INFO: [VRFC 10-2263] Analyzing Verilog file "/home/work1/Works/HiLoGatedCNNTrigger/.bender/git/checkouts/cnn-core-wrapper-49393d39e1ddbc56/hw/rtl/cnn_core_wrapper_top.v" into library xil_defaultlib
INFO: [VRFC 10-311] analyzing module WRAPPER_TOP
